Traceback (most recent call last):
  File "/home/aagesenh/miniconda3/envs/book/lib/python3.12/site-packages/jupyter_cache/executors/utils.py", line 58, in single_nb_execution
    executenb(
  File "/home/aagesenh/miniconda3/envs/book/lib/python3.12/site-packages/nbclient/client.py", line 1314, in execute
    return NotebookClient(nb=nb, resources=resources, km=km, **kwargs).execute()
           ^^^^^^^^^^^^^^^^^^^^^^^^^^^^^^^^^^^^^^^^^^^^^^^^^^^^^^^^^^^^^^^^^^^^^
  File "/home/aagesenh/miniconda3/envs/book/lib/python3.12/site-packages/jupyter_core/utils/__init__.py", line 165, in wrapped
    return loop.run_until_complete(inner)
           ^^^^^^^^^^^^^^^^^^^^^^^^^^^^^^
  File "/home/aagesenh/miniconda3/envs/book/lib/python3.12/asyncio/base_events.py", line 687, in run_until_complete
    return future.result()
           ^^^^^^^^^^^^^^^
  File "/home/aagesenh/miniconda3/envs/book/lib/python3.12/site-packages/nbclient/client.py", line 709, in async_execute
    await self.async_execute_cell(
  File "/home/aagesenh/miniconda3/envs/book/lib/python3.12/site-packages/nbclient/client.py", line 1062, in async_execute_cell
    await self._check_raise_for_error(cell, cell_index, exec_reply)
  File "/home/aagesenh/miniconda3/envs/book/lib/python3.12/site-packages/nbclient/client.py", line 918, in _check_raise_for_error
    raise CellExecutionError.from_cell_and_msg(cell, exec_reply_content)
nbclient.exceptions.CellExecutionError: An error occurred while executing the following cell:
------------------
import geopandas

geokodede_adresser = geopandas.tools.geocode(
    adresser["adr"],
    provider="nominatim",
    user_agent="gmgi221",
    timeout=10
)
geokodede_adresser.head()
------------------


[0;31m---------------------------------------------------------------------------[0m
[0;31mAdapterHTTPError[0m                          Traceback (most recent call last)
File [0;32m~/miniconda3/envs/book/lib/python3.12/site-packages/geopy/geocoders/base.py:368[0m, in [0;36mGeocoder._call_geocoder[0;34m(self, url, callback, timeout, is_json, headers)[0m
[1;32m    367[0m [38;5;28;01mif[39;00m is_json:
[0;32m--> 368[0m     result [38;5;241m=[39m [38;5;28;43mself[39;49m[38;5;241;43m.[39;49m[43madapter[49m[38;5;241;43m.[39;49m[43mget_json[49m[43m([49m[43murl[49m[43m,[49m[43m [49m[43mtimeout[49m[38;5;241;43m=[39;49m[43mtimeout[49m[43m,[49m[43m [49m[43mheaders[49m[38;5;241;43m=[39;49m[43mreq_headers[49m[43m)[49m
[1;32m    369[0m [38;5;28;01melse[39;00m:

File [0;32m~/miniconda3/envs/book/lib/python3.12/site-packages/geopy/adapters.py:472[0m, in [0;36mRequestsAdapter.get_json[0;34m(self, url, timeout, headers)[0m
[1;32m    471[0m [38;5;28;01mdef[39;00m [38;5;21mget_json[39m([38;5;28mself[39m, url, [38;5;241m*[39m, timeout, headers):
[0;32m--> 472[0m     resp [38;5;241m=[39m [38;5;28;43mself[39;49m[38;5;241;43m.[39;49m[43m_request[49m[43m([49m[43murl[49m[43m,[49m[43m [49m[43mtimeout[49m[38;5;241;43m=[39;49m[43mtimeout[49m[43m,[49m[43m [49m[43mheaders[49m[38;5;241;43m=[39;49m[43mheaders[49m[43m)[49m
[1;32m    473[0m     [38;5;28;01mtry[39;00m:

File [0;32m~/miniconda3/envs/book/lib/python3.12/site-packages/geopy/adapters.py:500[0m, in [0;36mRequestsAdapter._request[0;34m(self, url, timeout, headers)[0m
[1;32m    499[0m     [38;5;28;01mif[39;00m resp[38;5;241m.[39mstatus_code [38;5;241m>[39m[38;5;241m=[39m [38;5;241m400[39m:
[0;32m--> 500[0m         [38;5;28;01mraise[39;00m AdapterHTTPError(
[1;32m    501[0m             [38;5;124m"[39m[38;5;124mNon-successful status code [39m[38;5;132;01m%s[39;00m[38;5;124m"[39m [38;5;241m%[39m resp[38;5;241m.[39mstatus_code,
[1;32m    502[0m             status_code[38;5;241m=[39mresp[38;5;241m.[39mstatus_code,
[1;32m    503[0m             headers[38;5;241m=[39mresp[38;5;241m.[39mheaders,
[1;32m    504[0m             text[38;5;241m=[39mresp[38;5;241m.[39mtext,
[1;32m    505[0m         )
[1;32m    507[0m [38;5;28;01mreturn[39;00m resp

[0;31mAdapterHTTPError[0m: Non-successful status code 429

The above exception was the direct cause of the following exception:

[0;31mGeocoderRateLimited[0m                       Traceback (most recent call last)
Cell [0;32mIn[3], line 3[0m
[1;32m      1[0m [38;5;28;01mimport[39;00m [38;5;21;01mgeopandas[39;00m
[0;32m----> 3[0m geokodede_adresser [38;5;241m=[39m [43mgeopandas[49m[38;5;241;43m.[39;49m[43mtools[49m[38;5;241;43m.[39;49m[43mgeocode[49m[43m([49m
[1;32m      4[0m [43m    [49m[43madresser[49m[43m[[49m[38;5;124;43m"[39;49m[38;5;124;43madr[39;49m[38;5;124;43m"[39;49m[43m][49m[43m,[49m
[1;32m      5[0m [43m    [49m[43mprovider[49m[38;5;241;43m=[39;49m[38;5;124;43m"[39;49m[38;5;124;43mnominatim[39;49m[38;5;124;43m"[39;49m[43m,[49m
[1;32m      6[0m [43m    [49m[43muser_agent[49m[38;5;241;43m=[39;49m[38;5;124;43m"[39;49m[38;5;124;43mgmgi221[39;49m[38;5;124;43m"[39;49m[43m,[49m
[1;32m      7[0m [43m    [49m[43mtimeout[49m[38;5;241;43m=[39;49m[38;5;241;43m10[39;49m
[1;32m      8[0m [43m)[49m
[1;32m      9[0m geokodede_adresser[38;5;241m.[39mhead()

File [0;32m~/miniconda3/envs/book/lib/python3.12/site-packages/geopandas/tools/geocoding.py:67[0m, in [0;36mgeocode[0;34m(strings, provider, **kwargs)[0m
[1;32m     64[0m     provider [38;5;241m=[39m [38;5;124m"[39m[38;5;124mphoton[39m[38;5;124m"[39m
[1;32m     65[0m throttle_time [38;5;241m=[39m _get_throttle_time(provider)
[0;32m---> 67[0m [38;5;28;01mreturn[39;00m [43m_query[49m[43m([49m[43mstrings[49m[43m,[49m[43m [49m[38;5;28;43;01mTrue[39;49;00m[43m,[49m[43m [49m[43mprovider[49m[43m,[49m[43m [49m[43mthrottle_time[49m[43m,[49m[43m [49m[38;5;241;43m*[39;49m[38;5;241;43m*[39;49m[43mkwargs[49m[43m)[49m

File [0;32m~/miniconda3/envs/book/lib/python3.12/site-packages/geopandas/tools/geocoding.py:141[0m, in [0;36m_query[0;34m(data, forward, provider, throttle_time, **kwargs)[0m
[1;32m    139[0m [38;5;28;01mtry[39;00m:
[1;32m    140[0m     [38;5;28;01mif[39;00m forward:
[0;32m--> 141[0m         results[i] [38;5;241m=[39m [43mcoder[49m[38;5;241;43m.[39;49m[43mgeocode[49m[43m([49m[43ms[49m[43m)[49m
[1;32m    142[0m     [38;5;28;01melse[39;00m:
[1;32m    143[0m         results[i] [38;5;241m=[39m coder[38;5;241m.[39mreverse((s[38;5;241m.[39my, s[38;5;241m.[39mx), exactly_one[38;5;241m=[39m[38;5;28;01mTrue[39;00m)

File [0;32m~/miniconda3/envs/book/lib/python3.12/site-packages/geopy/geocoders/nominatim.py:297[0m, in [0;36mNominatim.geocode[0;34m(self, query, exactly_one, timeout, limit, addressdetails, language, geometry, extratags, country_codes, viewbox, bounded, featuretype, namedetails)[0m
[1;32m    295[0m logger[38;5;241m.[39mdebug([38;5;124m"[39m[38;5;132;01m%s[39;00m[38;5;124m.geocode: [39m[38;5;132;01m%s[39;00m[38;5;124m"[39m, [38;5;28mself[39m[38;5;241m.[39m[38;5;18m__class__[39m[38;5;241m.[39m[38;5;18m__name__[39m, url)
[1;32m    296[0m callback [38;5;241m=[39m partial([38;5;28mself[39m[38;5;241m.[39m_parse_json, exactly_one[38;5;241m=[39mexactly_one)
[0;32m--> 297[0m [38;5;28;01mreturn[39;00m [38;5;28;43mself[39;49m[38;5;241;43m.[39;49m[43m_call_geocoder[49m[43m([49m[43murl[49m[43m,[49m[43m [49m[43mcallback[49m[43m,[49m[43m [49m[43mtimeout[49m[38;5;241;43m=[39;49m[43mtimeout[49m[43m)[49m

File [0;32m~/miniconda3/envs/book/lib/python3.12/site-packages/geopy/geocoders/base.py:388[0m, in [0;36mGeocoder._call_geocoder[0;34m(self, url, callback, timeout, is_json, headers)[0m
[1;32m    386[0m         [38;5;28;01mreturn[39;00m callback(result)
[1;32m    387[0m [38;5;28;01mexcept[39;00m [38;5;167;01mException[39;00m [38;5;28;01mas[39;00m error:
[0;32m--> 388[0m     res [38;5;241m=[39m [38;5;28;43mself[39;49m[38;5;241;43m.[39;49m[43m_adapter_error_handler[49m[43m([49m[43merror[49m[43m)[49m
[1;32m    389[0m     [38;5;28;01mif[39;00m res [38;5;129;01mis[39;00m NONE_RESULT:
[1;32m    390[0m         [38;5;28;01mreturn[39;00m [38;5;28;01mNone[39;00m

File [0;32m~/miniconda3/envs/book/lib/python3.12/site-packages/geopy/geocoders/base.py:407[0m, in [0;36mGeocoder._adapter_error_handler[0;34m(self, error)[0m
[1;32m    405[0m exc_cls [38;5;241m=[39m ERROR_CODE_MAP[38;5;241m.[39mget(error[38;5;241m.[39mstatus_code, GeocoderServiceError)
[1;32m    406[0m [38;5;28;01mif[39;00m [38;5;28missubclass[39m(exc_cls, GeocoderRateLimited):
[0;32m--> 407[0m     [38;5;28;01mraise[39;00m exc_cls(
[1;32m    408[0m         [38;5;28mstr[39m(error), retry_after[38;5;241m=[39mget_retry_after(error[38;5;241m.[39mheaders)
[1;32m    409[0m     ) [38;5;28;01mfrom[39;00m [38;5;21;01merror[39;00m
[1;32m    410[0m [38;5;28;01melse[39;00m:
[1;32m    411[0m     [38;5;28;01mraise[39;00m exc_cls([38;5;28mstr[39m(error)) [38;5;28;01mfrom[39;00m [38;5;21;01merror[39;00m

[0;31mGeocoderRateLimited[0m: Non-successful status code 429

